<html>
<body>
<pre>
<h1>µVision Build Log</h1>
<h2>Project:</h2>
C:\Keil\Labs\Project 3\StepperMotor.uvproj
Project File Date:  04/28/2017

<h2>Output:</h2>
Build target 'Stepper_Motor'
compiling StepperTestMain.c...
linking...
Program Size: Code=1912 RO-data=56 RW-data=16 ZI-data=1120  
".\StepperMotor.axf" - 0 Error(s), 0 Warning(s).
Load "C:\\Keil\\Labs\\Project 3\\StepperMotor.axf" 
Connecting: Mode=JTAG, Speed=1000000Hz
Erase Done.
Programming Done.
Verify OK.
g: Mode=JTAG, Speed=1000000Hz
Erase Done.
Programming Done.
Verify OK.
000000Hz
Erase Done.
Programming Done.
Verify OK.
6: cannot open file
Error: Flash Download failed  -  Could not load file 'C:\Keil\Labs\Project 3\StepperMotor.axf'
